// Jest Snapshot v1, https://goo.gl/fbAQLP

exports[`RecentActivity RecentActivity should match stored snapshot 1`] = `
<div
  className="sc-eCApnc fOpTVm"
>
  <p
    className="MuiTypography-root sc-jSFjdj fTUTMN MuiTypography-body1"
  >
    Recent Activity
  </p>
  <div
    className="css-id5tl6"
  >
    <div
      className="css-1aldbke"
    >
      <table
        className="sc-gKAaRy cEbbEI"
      >
        <tr>
          <td
            className="sc-bdnxRM xTIuA"
          >
            <p
              className="MuiTypography-root sc-gtsrHT gbrvPJ MuiTypography-body1"
            >
              EVENT NAME
            </p>
          </td>
          <td
            className="sc-bdnxRM xTIuA"
          >
            <p
              className="MuiTypography-root sc-gtsrHT gbrvPJ MuiTypography-body1"
            >
              - -
            </p>
          </td>
        </tr>
        <tr>
          <td
            className="sc-bdnxRM xTIuA"
          >
            <p
              className="MuiTypography-root sc-gtsrHT gbrvPJ MuiTypography-body1"
            >
              DATE OF ASSIGNMENT
            </p>
          </td>
          <td
            className="sc-bdnxRM xTIuA"
          >
            <p
              className="MuiTypography-root sc-gtsrHT gbrvPJ MuiTypography-body1"
            >
              - -
            </p>
          </td>
        </tr>
        <tr>
          <td
            className="sc-bdnxRM xTIuA"
          >
            <p
              className="MuiTypography-root sc-gtsrHT gbrvPJ MuiTypography-body1"
            >
              ASSIGNMENT TRIGGER
            </p>
          </td>
          <td
            className="sc-bdnxRM xTIuA"
          >
            <p
              className="MuiTypography-root sc-gtsrHT gbrvPJ MuiTypography-body1"
            >
              - -
            </p>
          </td>
        </tr>
      </table>
    </div>
    <div
      className="css-1fwikyn"
    >
      <table
        className="sc-gKAaRy cEbbEI"
      >
        <tr>
          <td
            className="sc-bdnxRM xTIuA"
          >
            <p
              className="MuiTypography-root sc-gtsrHT gbrvPJ MuiTypography-body1"
            >
              INITIAL EVENT POINT
            </p>
          </td>
          <td
            className="sc-bdnxRM xTIuA"
          >
            <p
              className="MuiTypography-root sc-gtsrHT gbrvPJ MuiTypography-body1"
            >
              - -
            </p>
          </td>
        </tr>
        <tr>
          <td
            className="sc-bdnxRM xTIuA"
          >
            <p
              className="MuiTypography-root sc-gtsrHT gbrvPJ MuiTypography-body1"
            >
              ACADEMY RECOMMENDATION
            </p>
          </td>
          <td
            className="sc-bdnxRM xTIuA"
          >
            <p
              className="MuiTypography-root sc-gtsrHT gbrvPJ MuiTypography-body1"
            >
              - -
            </p>
          </td>
        </tr>
        <tr>
          <td
            className="sc-bdnxRM xTIuA"
          >
            <p
              className="MuiTypography-root sc-gtsrHT gbrvPJ MuiTypography-body1"
            >
              PROGRESS
            </p>
          </td>
          <td
            className="sc-bdnxRM xTIuA"
          >
            <p
              className="MuiTypography-root sc-gtsrHT gbrvPJ MuiTypography-body1"
            >
              - -
            </p>
          </td>
        </tr>
      </table>
    </div>
    <div
      className="css-1aldbke"
    >
      <table
        className="sc-gKAaRy cEbbEI"
      >
        <tr>
          <td
            className="sc-bdnxRM xTIuA"
          >
            <p
              className="MuiTypography-root sc-gtsrHT gbrvPJ MuiTypography-body1"
            >
              CURRENT STATUS
            </p>
          </td>
          <td
            className="sc-bdnxRM xTIuA"
          >
            <p
              className="MuiTypography-root sc-gtsrHT gbrvPJ MuiTypography-body1"
            >
              - -
            </p>
          </td>
        </tr>
      </table>
    </div>
  </div>
</div>
`;
