// Jest Snapshot v1, https://goo.gl/fbAQLP

exports[`TableRow TableRow should match stored snapshot 1`] = `
<tr>
  <td
    className="sc-bdnxRM xTIuA"
  >
    <p
      className="MuiTypography-root sc-gtsrHT gbrvPJ MuiTypography-body1"
    >
      Test Label
    </p>
  </td>
  <td
    className="sc-bdnxRM xTIuA"
  >
    <p
      className="MuiTypography-root sc-gtsrHT gbrvPJ MuiTypography-body1"
    />
  </td>
</tr>
`;
