// Jest Snapshot v1, https://goo.gl/fbAQLP

exports[`TrainingPage TrainingPage should match stored snapshot 1`] = `
<div>
  <p
    className="MuiTypography-root sc-bdnxRM gnxvEH MuiTypography-h1 MuiTypography-paragraph"
  >
    Training
  </p>
  <div
    className="css-1pd4htx"
  >
    <p
      className="MuiTypography-root sc-bdnxRM iTyofN MuiTypography-body1"
      fontSize="16px"
      fontWeight="300"
    >
      Review developer performance and training recommendations
    </p>
  </div>
  <div
    aria-expanded={false}
    aria-owns={null}
    className="MuiAutocomplete-root MuiAutocomplete-hasClearIcon MuiAutocomplete-hasPopupIcon"
    onClick={[Function]}
    onKeyDown={[Function]}
    onMouseDown={[Function]}
    role="combobox"
  >
    <div
      className="MuiFormControl-root MuiTextField-root sc-gtsrHT jsOWBr MuiFormControl-marginNormal MuiFormControl-fullWidth"
    >
      <div
        className="MuiInputBase-root MuiInput-root MuiInput-underline MuiAutocomplete-inputRoot MuiInputBase-fullWidth MuiInput-fullWidth MuiInputBase-formControl MuiInput-formControl MuiInputBase-adornedEnd"
        onClick={[Function]}
      >
        <input
          aria-activedescendant={null}
          aria-autocomplete="list"
          aria-controls={null}
          aria-invalid={false}
          autoCapitalize="none"
          autoComplete="off"
          autoFocus={false}
          className="MuiInputBase-input MuiInput-input MuiAutocomplete-input MuiAutocomplete-inputFocused MuiInputBase-inputAdornedEnd"
          disabled={false}
          onAnimationStart={[Function]}
          onBlur={[Function]}
          onChange={[Function]}
          onFocus={[Function]}
          onMouseDown={[Function]}
          placeholder="Employee Name or ID"
          required={false}
          spellCheck="false"
          type="text"
          value=""
        />
        <div
          className="MuiAutocomplete-endAdornment"
        >
          <button
            aria-label="Clear"
            className="MuiButtonBase-root MuiIconButton-root MuiAutocomplete-clearIndicator MuiAutocomplete-clearIndicatorDirty"
            disabled={false}
            onBlur={[Function]}
            onClick={[Function]}
            onDragLeave={[Function]}
            onFocus={[Function]}
            onKeyDown={[Function]}
            onKeyUp={[Function]}
            onMouseDown={[Function]}
            onMouseLeave={[Function]}
            onMouseUp={[Function]}
            onTouchEnd={[Function]}
            onTouchMove={[Function]}
            onTouchStart={[Function]}
            tabIndex={-1}
            title="Clear"
            type="button"
          >
            <span
              className="MuiIconButton-label"
            >
              <svg
                aria-hidden={true}
                className="MuiSvgIcon-root MuiSvgIcon-fontSizeSmall"
                focusable="false"
                viewBox="0 0 24 24"
              >
                <path
                  d="M19 6.41L17.59 5 12 10.59 6.41 5 5 6.41 10.59 12 5 17.59 6.41 19 12 13.41 17.59 19 19 17.59 13.41 12z"
                />
              </svg>
            </span>
          </button>
          <button
            aria-label="Open"
            className="MuiButtonBase-root MuiIconButton-root MuiAutocomplete-popupIndicator"
            disabled={false}
            onBlur={[Function]}
            onClick={[Function]}
            onDragLeave={[Function]}
            onFocus={[Function]}
            onKeyDown={[Function]}
            onKeyUp={[Function]}
            onMouseDown={[Function]}
            onMouseLeave={[Function]}
            onMouseUp={[Function]}
            onTouchEnd={[Function]}
            onTouchMove={[Function]}
            onTouchStart={[Function]}
            tabIndex={-1}
            title="Open"
            type="button"
          >
            <span
              className="MuiIconButton-label"
            >
              <svg
                aria-hidden={true}
                className="MuiSvgIcon-root"
                focusable="false"
                viewBox="0 0 24 24"
              >
                <path
                  d="M7 10l5 5 5-5z"
                />
              </svg>
            </span>
          </button>
        </div>
      </div>
    </div>
  </div>
  <div
    className="sc-gKAaRy CcElz"
  >
    <p
      className="MuiTypography-root sc-iCoGMd kTmMbR MuiTypography-body1"
    >
      Recent Activity
    </p>
    <div
      className="css-id5tl6"
    >
      <div
        className="css-1aldbke"
      >
        <table
          className="sc-fujyAs hROlRZ"
        >
          <tr>
            <td
              className="sc-dlnjwi fsTQHJ"
            >
              <p
                className="MuiTypography-root sc-hKFxyN fwuGMl MuiTypography-body1"
              >
                EVENT NAME
              </p>
            </td>
            <td
              className="sc-dlnjwi fsTQHJ"
            >
              <p
                className="MuiTypography-root sc-hKFxyN fwuGMl MuiTypography-body1"
              >
                - -
              </p>
            </td>
          </tr>
          <tr>
            <td
              className="sc-dlnjwi fsTQHJ"
            >
              <p
                className="MuiTypography-root sc-hKFxyN fwuGMl MuiTypography-body1"
              >
                DATE OF ASSIGNMENT
              </p>
            </td>
            <td
              className="sc-dlnjwi fsTQHJ"
            >
              <p
                className="MuiTypography-root sc-hKFxyN fwuGMl MuiTypography-body1"
              >
                - -
              </p>
            </td>
          </tr>
          <tr>
            <td
              className="sc-dlnjwi fsTQHJ"
            >
              <p
                className="MuiTypography-root sc-hKFxyN fwuGMl MuiTypography-body1"
              >
                ASSIGNMENT TRIGGER
              </p>
            </td>
            <td
              className="sc-dlnjwi fsTQHJ"
            >
              <p
                className="MuiTypography-root sc-hKFxyN fwuGMl MuiTypography-body1"
              >
                - -
              </p>
            </td>
          </tr>
        </table>
      </div>
      <div
        className="css-1fwikyn"
      >
        <table
          className="sc-fujyAs hROlRZ"
        >
          <tr>
            <td
              className="sc-dlnjwi fsTQHJ"
            >
              <p
                className="MuiTypography-root sc-hKFxyN fwuGMl MuiTypography-body1"
              >
                INITIAL EVENT POINT
              </p>
            </td>
            <td
              className="sc-dlnjwi fsTQHJ"
            >
              <p
                className="MuiTypography-root sc-hKFxyN fwuGMl MuiTypography-body1"
              >
                - -
              </p>
            </td>
          </tr>
          <tr>
            <td
              className="sc-dlnjwi fsTQHJ"
            >
              <p
                className="MuiTypography-root sc-hKFxyN fwuGMl MuiTypography-body1"
              >
                ACADEMY RECOMMENDATION
              </p>
            </td>
            <td
              className="sc-dlnjwi fsTQHJ"
            >
              <p
                className="MuiTypography-root sc-hKFxyN fwuGMl MuiTypography-body1"
              >
                - -
              </p>
            </td>
          </tr>
          <tr>
            <td
              className="sc-dlnjwi fsTQHJ"
            >
              <p
                className="MuiTypography-root sc-hKFxyN fwuGMl MuiTypography-body1"
              >
                PROGRESS
              </p>
            </td>
            <td
              className="sc-dlnjwi fsTQHJ"
            >
              <p
                className="MuiTypography-root sc-hKFxyN fwuGMl MuiTypography-body1"
              >
                - -
              </p>
            </td>
          </tr>
        </table>
      </div>
      <div
        className="css-1aldbke"
      >
        <table
          className="sc-fujyAs hROlRZ"
        >
          <tr>
            <td
              className="sc-dlnjwi fsTQHJ"
            >
              <p
                className="MuiTypography-root sc-hKFxyN fwuGMl MuiTypography-body1"
              >
                CURRENT STATUS
              </p>
            </td>
            <td
              className="sc-dlnjwi fsTQHJ"
            >
              <p
                className="MuiTypography-root sc-hKFxyN fwuGMl MuiTypography-body1"
              >
                - -
              </p>
            </td>
          </tr>
        </table>
      </div>
    </div>
  </div>
  <div
    className="sc-pNWdM iQyzcA"
  >
    <p
      className="MuiTypography-root sc-jrsJWt kKlMko MuiTypography-body1"
    >
      History
    </p>
    <table
      className="MuiTable-root"
      role={null}
    >
      <thead
        className="MuiTableHead-root"
        role={null}
      >
        <tr
          className="MuiTableRow-root MuiTableRow-head"
          role={null}
        >
          <th
            aria-sort={null}
            className="MuiTableCell-root MuiTableCell-head sc-bqGGPW jSUQac"
            scope="col"
          >
            <span
              aria-disabled={false}
              className="MuiButtonBase-root MuiTableSortLabel-root"
              onBlur={[Function]}
              onClick={[Function]}
              onDragLeave={[Function]}
              onFocus={[Function]}
              onKeyDown={[Function]}
              onKeyUp={[Function]}
              onMouseDown={[Function]}
              onMouseLeave={[Function]}
              onMouseUp={[Function]}
              onTouchEnd={[Function]}
              onTouchMove={[Function]}
              onTouchStart={[Function]}
              role="button"
              tabIndex={0}
            >
              <p
                className="MuiTypography-root sc-kEqXSa fgfxke MuiTypography-body1"
              >
                DATE
              </p>
              <svg
                aria-hidden={true}
                className="MuiSvgIcon-root MuiTableSortLabel-icon"
                focusable="false"
                viewBox="0 0 24 24"
              >
                <path
                  d="M20 12l-1.41-1.41L13 16.17V4h-2v12.17l-5.58-5.59L4 12l8 8 8-8z"
                />
              </svg>
            </span>
          </th>
          <th
            aria-sort={null}
            className="MuiTableCell-root MuiTableCell-head sc-bqGGPW jSUQac"
            scope="col"
          >
            <p
              className="MuiTypography-root sc-kEqXSa fgfxke MuiTypography-body1"
            >
              ACADEMY RECOMMENDATION
            </p>
          </th>
          <th
            aria-sort={null}
            className="MuiTableCell-root MuiTableCell-head sc-bqGGPW jSUQac"
            scope="col"
          >
            <p
              className="MuiTypography-root sc-kEqXSa fgfxke MuiTypography-body1"
            >
              TRIGGER
            </p>
          </th>
          <th
            aria-sort={null}
            className="MuiTableCell-root MuiTableCell-head sc-bqGGPW jSUQac"
            scope="col"
          >
            <p
              className="MuiTypography-root sc-kEqXSa fgfxke MuiTypography-body1"
            >
              PROGRESS
            </p>
          </th>
          <th
            aria-sort={null}
            className="MuiTableCell-root MuiTableCell-head sc-bqGGPW jSUQac"
            scope="col"
          >
            <p
              className="MuiTypography-root sc-kEqXSa fgfxke MuiTypography-body1"
            >
              CURRENT STATUS
            </p>
          </th>
        </tr>
      </thead>
      <tbody
        className="MuiTableBody-root"
        role={null}
      />
    </table>
    <div
      className="sc-iqAclL bEZKQW"
    >
      <p
        className="MuiTypography-root sc-crzoAE cMlDzO MuiTypography-body1"
      >
        No data to display
      </p>
    </div>
  </div>
</div>
`;
